// Jest Snapshot v1, https://goo.gl/fbAQLP

exports[`<Accordion /> opens and closes the <Accordion /> component 1`] = `
<div
  class="accordion__Container-l3iym9-0 SYOns"
>
  <div
    class="accordion__Inner-l3iym9-2 efLGss"
  >
    <h1
      class="accordion__Title-l3iym9-3 jKCkDj"
    >
      Frequently Asked Questions
    </h1>
    <div
      class="accordion__Frame-l3iym9-1 cjhCXV"
    >
      <div
        class="accordion__Item-l3iym9-4 MzsZN"
      >
        <div
          class="accordion__Header-l3iym9-5 bYnzRS"
        >
          What is Netflix?
          <img
            alt="Open"
            src="/images/icons/add.png"
          />
        </div>
      </div>
      <div
        class="accordion__Item-l3iym9-4 MzsZN"
      >
        <div
          class="accordion__Header-l3iym9-5 bYnzRS"
        >
          How much does Netflix cost?
          <img
            alt="Open"
            src="/images/icons/add.png"
          />
        </div>
      </div>
      <div
        class="accordion__Item-l3iym9-4 MzsZN"
      >
        <div
          class="accordion__Header-l3iym9-5 bYnzRS"
        >
          Where can I watch?
          <img
            alt="Open"
            src="/images/icons/add.png"
          />
        </div>
      </div>
      <div
        class="accordion__Item-l3iym9-4 MzsZN"
      >
        <div
          class="accordion__Header-l3iym9-5 bYnzRS"
        >
          How do I cancel?
          <img
            alt="Open"
            src="/images/icons/add.png"
          />
        </div>
      </div>
      <div
        class="accordion__Item-l3iym9-4 MzsZN"
      >
        <div
          class="accordion__Header-l3iym9-5 bYnzRS"
        >
          What can I watch on Netflix?
          <img
            alt="Open"
            src="/images/icons/add.png"
          />
        </div>
      </div>
    </div>
  </div>
</div>
`;

exports[`<Accordion /> renders the <Accordion /> with populated data 1`] = `
<div
  class="accordion__Container-l3iym9-0 SYOns"
>
  <div
    class="accordion__Inner-l3iym9-2 efLGss"
  >
    <h1
      class="accordion__Title-l3iym9-3 jKCkDj"
    >
      Frequently Asked Questions
    </h1>
    <div
      class="accordion__Frame-l3iym9-1 cjhCXV"
    >
      <div
        class="accordion__Item-l3iym9-4 MzsZN"
      >
        <div
          class="accordion__Header-l3iym9-5 bYnzRS"
        >
          What is Netflix?
          <img
            alt="Open"
            src="/images/icons/add.png"
          />
        </div>
      </div>
      <div
        class="accordion__Item-l3iym9-4 MzsZN"
      >
        <div
          class="accordion__Header-l3iym9-5 bYnzRS"
        >
          How much does Netflix cost?
          <img
            alt="Open"
            src="/images/icons/add.png"
          />
        </div>
      </div>
      <div
        class="accordion__Item-l3iym9-4 MzsZN"
      >
        <div
          class="accordion__Header-l3iym9-5 bYnzRS"
        >
          Where can I watch?
          <img
            alt="Open"
            src="/images/icons/add.png"
          />
        </div>
      </div>
      <div
        class="accordion__Item-l3iym9-4 MzsZN"
      >
        <div
          class="accordion__Header-l3iym9-5 bYnzRS"
        >
          How do I cancel?
          <img
            alt="Open"
            src="/images/icons/add.png"
          />
        </div>
      </div>
      <div
        class="accordion__Item-l3iym9-4 MzsZN"
      >
        <div
          class="accordion__Header-l3iym9-5 bYnzRS"
        >
          What can I watch on Netflix?
          <img
            alt="Open"
            src="/images/icons/add.png"
          />
        </div>
      </div>
    </div>
  </div>
</div>
`;
